<p><a href="https://api.symfony.com/4.0/Symfony/Component/HttpKernel/DependencyInjection/ContainerAwareHttpKernel.html" class="reference external" title="Symfony\Component\HttpKernel\DependencyInjection\ContainerAwareHttpKernel">ContainerAwareHttpKernel</a></p>
