<p><a href="https://api.symfony.com/4.0/Symfony/Component/HttpFoundation/RequestStack.html#method_getCurrentRequest" class="reference external" title="Symfony\Component\HttpFoundation\RequestStack::getCurrentRequest()">getCurrentRequest()</a></p>
