<p><a href="https://api.symfony.com/4.0/Symfony/Component/HttpFoundation.html" class="reference external" title="Symfony\Component\HttpFoundation">HttpFoundation</a></p>
