<!DOCTYPE html>
<html>
    <head>
        <meta charset="utf-8" />


    </head>

    <body>
            <p><a href="https://secure.php.net/manual/en/function.trigger-error.php" class="reference external" title="trigger_error" rel="external noopener noreferrer" target="_blank">trigger_error</a></p>

    </body>
</html>
