<!DOCTYPE html>
<html>
    <head>
        <meta charset="utf-8" />


    </head>

    <body>
            <p><a href="https://secure.php.net/manual/en/locale.getdefault.php" class="reference external" title="Locale" rel="external noopener noreferrer" target="_blank">Locale::getDefault()</a></p>

    </body>
</html>
