<div class="admonition admonition-best-practice ">
    <p class="admonition-title">
                Best Practice
    </p><p>Use the bcrypt encoder for hashing your users' passwords.</p>
</div>
