<div class="configuration-block">
    <ul class="simple">
                    <li>
                <em>YAML</em>
                <div translate="no" class="notranslate codeblock codeblock-loc-1 codeblock-yaml">
    <div class="codeblock-scroll">
        <pre class="codeblock-lines">1</pre>
        <pre class="codeblock-code"><code><span class="hljs-comment"># app/config/services.yml</span>
</code></pre>
    </div>
</div>
            </li>
                    <li>
                <em>PHP</em>
                <div translate="no" class="notranslate codeblock codeblock-loc-1 codeblock-php">
    <div class="codeblock-scroll">
        <pre class="codeblock-lines">1</pre>
        <pre class="codeblock-code"><code><span class="hljs-comment">// config/routes.php</span>
</code></pre>
    </div>
</div>
            </li>
            </ul></div>
