<!DOCTYPE html>
<html>
<head>
    <meta charset="utf-8" />
</head>
<body>
<div class="admonition admonition-seealso ">
    <p class="admonition-title"> See also </p>
    <p>Also check out the homepage</p>
</div>
</body>
</html>
