<div class="admonition-wrapper"><div class="admonition admonition-sidebar"><p class="sidebar-title"><span>The sidebar's title</span></p><p>some text inside sidebar</p>
</div></div>
