<div class="admonition-wrapper"><div class="admonition admonition-sidebar"><p class="sidebar-title">The sidebar's title</p><p>some text before code block</p>
<div translate="no" class="notranslate codeblock codeblock-loc-1 codeblock-php">
    <div class="codeblock-scroll">
        <pre class="codeblock-lines">1</pre>
        <pre class="codeblock-code"><code><span class="hljs-comment">// some code</span>
</code></pre>
    </div>
</div>
<p>some text after code block</p>
</div></div>
