<!DOCTYPE html>
<html>
<head>
    <meta charset="utf-8" />
</head>
<body>
<div class="topic">
    <p class="topic-title">Example</p>
    <p>Here is a sample comment for a bug report that could be reproduced.</p>
</div>
</body>
</html>
