<!DOCTYPE html>
<html>
<head>
    <meta charset="utf-8" />
</head>
<body>

<figure>
    <!-- REMOVE: src is empty just because the test doesn't utilize the full stack, with CopyImagesListener -->
    <img src="" alt="Symfony Logo" width="200px" />
</figure>
<p>I am a paragraph AFTER the figure. I should not be included as the
caption for the above figure.</p>

<figure>
    <img src="" />

    <figcaption><p>But I am a caption <em>for</em> the figure above.</p></figcaption>
</figure>

</body>
</html>
