<p>Simple table with head:</p>

<table>
            <thead>
                            <tr>
                                            <th>Route path</th>
                                            <th>If the requested URL is /foo</th>
                                            <th>If the requested URL is /foo/</th>
                                    </tr>
                    </thead>
        <tbody>
                    <tr>
                                    <td>/foo</td>
                                    <td>It matches (200 status response)</td>
                                    <td>It doesn't match (404 status response)</td>
                            </tr>
                    <tr>
                                    <td>/foo/</td>
                                    <td>It makes a 301 redirect to /foo/</td>
                                    <td>It matches (200 status response)</td>
                            </tr>
            </tbody>
</table>

<p>Simple table headless:</p>

<table>
    <tbody>
        <tr>
            <td>/foo</td>
            <td>It matches (200 status response)</td>
            <td>It doesn't match (404 status response)</td>
        </tr>
        <tr>
            <td>/foo/</td>
            <td>It makes a 301 redirect to /foo/</td>
            <td>It matches (200 status response)</td>
        </tr>
    </tbody>
</table>

<p>Grid table:</p>

<table>
        <tbody>
                    <tr>
                                    <td>Cell 1</td>
                                    <td>Cell 2</td>
                            </tr>
                    <tr>
                                    <td>Cell 3</td>
                                    <td>Cell 4</td>
                            </tr>
                    <tr>
                                    <td>Cell 5</td>
                                    <td>Cell 6
extra line</td>
                            </tr>
            </tbody>
</table>

<p>Grid table with head:</p>

<table>
            <thead>
                            <tr>
                                            <th>Cell 1</th>
                                            <th>Cell 2</th>
                                    </tr>
                    </thead>
        <tbody>
                    <tr>
                                    <td>Cell 3</td>
                                    <td>Cell 4</td>
                            </tr>
                    <tr>
                                    <td>Cell 5</td>
                                    <td>Cell 6
extra line</td>
                            </tr>
            </tbody>
</table>

<p>Grid table with head and multi-line cells:</p>

<table>
            <thead>
                            <tr>
                                            <th>Cell 1</th>
                                            <th>Cell 2</th>
                                    </tr>
                    </thead>
        <tbody>
                    <tr>
                                    <td>Cell 3</td>
                                    <td>Cell 4</td>
                            </tr>
                    <tr>
                                    <td>Cell 5</td>
                                    <td><ul><li>List item 1</li>
<li>List item 2</li>
<li>List item 3</li>
<li>List item 4</li>
</ul>
</td>
                            </tr>
                    <tr>
                                    <td>Cell 7</td>
                                    <td>Cell 8</td>
                            </tr>
            </tbody>
</table>
