<div translate="no" class="notranslate codeblock codeblock-loc-1 codeblock-bash">
    <div class="codeblock-scroll">
        <pre class="codeblock-lines">1</pre>
        <pre class="codeblock-code"><code>git <span class="hljs-built_in">clone</span> git@github.com:symfony/symfony.git
</code></pre>
    </div>
</div>
