<div translate="no" class="notranslate codeblock codeblock-loc-1 codeblock-html">
    <div class="codeblock-scroll">
        <pre class="codeblock-lines">1</pre>
        <pre class="codeblock-code"><code><span class="hljs-comment">&lt;!-- some code --&gt;</span>
</code></pre>
    </div>
