<div translate="no" class="notranslate codeblock codeblock-loc-1 codeblock-ini">
    <div class="codeblock-scroll">
        <pre class="codeblock-lines">1</pre>
        <pre class="codeblock-code"><code><span class="hljs-attr">fetch</span> = +refs/notes/*:refs/notes/*
</code></pre>
    </div>
</div>
