<div translate="no" class="notranslate codeblock codeblock-loc-1 codeblock-text">
    <div class="codeblock-scroll">
        <pre class="codeblock-lines">1</pre>
        <pre class="codeblock-code"><code>some text</code></pre>
    </div>
</div>
