<!DOCTYPE html>
<html>
    <head>
        <meta charset="utf-8" />

            
    </head>

    <body>
            <div translate="no" class="notranslate codeblock codeblock-loc-1 codeblock-twig">
    <div class="codeblock-scroll">
        <pre class="codeblock-lines">1</pre>
        <pre class="codeblock-code"><code><span class="hljs-comment">{# some code #}</span><span class="xml">
</span></code></pre>
    </div>
</div>

    </body>
</html>