<!DOCTYPE html>
<html>
    <head>
        <meta charset="utf-8" />

            
    </head>

    <body>
            <div translate="no" class="notranslate codeblock codeblock-loc-1 codeblock-xml">
    <div class="codeblock-scroll">
        <pre class="codeblock-lines">1</pre>
        <pre class="codeblock-code"><code><span class="hljs-comment">&lt;!-- some code --&gt;</span>
</code></pre>
    </div>
</div>

    </body>
</html>